Synthesis Analysis & Elaboration Stage Report for Estacion
Thu Dec  4 11:38:55 2025
Quartus Prime Version 25.1.1 Build 125 07/31/2025 SC Pro Edition


---------------------
; Table of Contents ;
---------------------
  1. Legal Notice
  2. Parameter Settings for User Entity i2c_master Instance: U_I2C_MASTER
  3. Parameter Settings for User Entity Divisor Instance: U_BME280_CONTROLLER|U2
  4. Hierarchies Optimized Away During Sweep
  5. Top Causes of Logic Optimized Away During Sweep
  6. Analysis & Elaboration Messages



----------------
; Legal Notice ;
----------------
Copyright (C) 2025  Altera Corporation. All rights reserved.
Your use of Altera Corporation's design tools, logic functions 
and other software and tools, and any partner logic 
functions, and any output files from any of the foregoing 
(including device programming or simulation files), and any 
associated documentation or information are expressly subject 
to the terms and conditions of the Altera Program License 
Subscription Agreement, the Altera Quartus Prime License Agreement,
the Altera IP License Agreement, or other applicable license
agreement, including, without limitation, that your use is for
the sole purpose of programming logic devices manufactured by
Altera and sold by Altera or its authorized distributors.  Please
refer to the Altera Software License Subscription Agreements 
on the Quartus Prime software download page.



+----------------------------------------------------------------------+
; Parameter Settings for User Entity i2c_master Instance: U_I2C_MASTER ;
+----------------+----------+------------------------------------------+
; Parameter Name ; Value    ; Type                                     ;
+----------------+----------+------------------------------------------+
; bus_clk        ; 400000   ; Untyped                                  ;
; input_clk      ; 50000000 ; Untyped                                  ;
+----------------+----------+------------------------------------------+
All Instances:
U_I2C_MASTER



+-----------------------------------------------------------------------------+
; Parameter Settings for User Entity Divisor Instance: U_BME280_CONTROLLER|U2 ;
+----------------+-------+----------------------------------------------------+
; Parameter Name ; Value ; Type                                               ;
+----------------+-------+----------------------------------------------------+
; N              ; 250   ; Untyped                                            ;
+----------------+-------+----------------------------------------------------+
All Instances:
U_BME280_CONTROLLER|U2



Hierarchies have been optimized away during sweep. For more details and filtering options, ensure that you have compiled with the "Enable RTL Analysis Debug Mode " setting turned on under Assignments->Settings->Compiler Settings, then use the " Sweep Hints Viewer " tool in the " RTL Analyzer ".
+------------------------------------------------------------------------------------------+
; Hierarchies Optimized Away During Sweep                                                  ;
+-------------+--------------------+------------------------------+------------------------+
; Entity Name ; Number of Instance ; Number of Gates before Sweep ; Sample Hierarchy Name  ;
+-------------+--------------------+------------------------------+------------------------+
; Divisor     ; 1                  ; 251                          ; U_BME280_CONTROLLER|U2 ;
+-------------+--------------------+------------------------------+------------------------+


Top root causes of logic optimization that have been identified during sweep. For more details and filtering options, ensure that you have compiled with the "Enable RTL Analysis Debug Mode " setting turned on under Assignments->Settings->Compiler Settings, then go to the " Root Causes Tab " in the " Sweep Hints Viewer " tool in the " RTL Analyzer ".
+--------------------------------------------------------------------------------------------+
; Top Causes of Logic Optimized Away During Sweep                                            ;
+-----------------------------------+------------------+---------------+---------------------+
; Root Object Path                  ; Root Object Type ; Root Reason   ; Swept Objects Count ;
+-----------------------------------+------------------+---------------+---------------------+
; U_BME280_CONTROLLER|U2|div_clk    ; OUTPUT_INST_PORT ; lost_fanout   ; 251                 ;
; U_BME280_CONTROLLER|i2c_ack_error ; INPUT_PORT       ; has no fanout ; 7                   ;
; U_BME280_CONTROLLER|i2c_addr[6]   ; OUTPUT_PORT      ; stuck at 1    ; 2                   ;
; U_BME280_CONTROLLER|i2c_addr[5]   ; OUTPUT_PORT      ; stuck at 1    ; 2                   ;
; U_BME280_CONTROLLER|i2c_addr[4]   ; OUTPUT_PORT      ; stuck at 1    ; 2                   ;
; U_BME280_CONTROLLER|i2c_addr[3]   ; OUTPUT_PORT      ; stuck at 0    ; 2                   ;
; U_BME280_CONTROLLER|i2c_addr[2]   ; OUTPUT_PORT      ; stuck at 1    ; 2                   ;
; U_BME280_CONTROLLER|i2c_addr[1]   ; OUTPUT_PORT      ; stuck at 1    ; 2                   ;
; U_BME280_CONTROLLER|i2c_addr[0]   ; OUTPUT_PORT      ; stuck at 0    ; 2                   ;
; U_LCD_DRIVER|PRESS_DATA[31]       ; INPUT_PORT       ; has no fanout ; 2                   ;
+-----------------------------------+------------------+---------------+---------------------+
Table limited at 10 items. To change the number of top root causes reported, set the "Number of Top Root Causes Reported in Synthesis Report " option under Assignments->Settings->Compiler Settings->Advanced Settings (Synthesis)


+---------------------------------+
; Analysis & Elaboration Messages ;
+---------------------------------+
Info: *******************************************************************
Info: Running Quartus Prime Synthesis
    Info: Version 25.1.1 Build 125 07/31/2025 SC Pro Edition
    Info: Processing started: Thu Dec  4 11:38:51 2025
    Info: System process ID: 20016
Info: Command: quartus_syn --read_settings_files=on --write_settings_files=off Estacion -c Estacion
Info: qis_default_flow_script.tcl version: #1
Info: Initializing Synthesis...
Info: Project = "Estacion"
Info: Revision = "Estacion"
Info (21958): Initialized Quartus Message Database
Info: Analyzing source files
Warning (16760): VHDL warning at i2c_master.vhd(86): case choice should be a locally static expression File: C:/Users/valed/OneDrive/Desktop/Estacion/i2c_master.vhd Line: 86
Warning (16760): VHDL warning at i2c_master.vhd(89): case choice should be a locally static expression File: C:/Users/valed/OneDrive/Desktop/Estacion/i2c_master.vhd Line: 89
Warning (16760): VHDL warning at i2c_master.vhd(92): case choice should be a locally static expression File: C:/Users/valed/OneDrive/Desktop/Estacion/i2c_master.vhd Line: 92
Info: Elaborating from top-level entity "Estacion"
Warning (16779): VHDL warning at Estacion.vhd(40): actual port "ack_error" of mode "out" is not associated with formal port "ack_error" of mode "buffer" File: C:/Users/valed/OneDrive/Desktop/Estacion/Estacion.vhd Line: 40
Info (13803): HDL info at i2c_master.vhd(49): see declaration for object "ack_error" File: C:/Users/valed/OneDrive/Desktop/Estacion/i2c_master.vhd Line: 49
Info (13803): HDL info at i2c_master.vhd(49): see declaration for object "ack_error" File: C:/Users/valed/OneDrive/Desktop/Estacion/i2c_master.vhd Line: 49
Info (19337): VHDL info at Estacion.vhd(6): executing entity "Estacion" with architecture "rtl" File: C:/Users/valed/OneDrive/Desktop/Estacion/Estacion.vhd Line: 6
Info (13803): HDL info at i2c_master.vhd(49): see declaration for object "ack_error" File: C:/Users/valed/OneDrive/Desktop/Estacion/i2c_master.vhd Line: 49
Info (19337): VHDL info at i2c_master.vhd(36): executing entity "i2c_master" with architecture "logic" File: C:/Users/valed/OneDrive/Desktop/Estacion/i2c_master.vhd Line: 36
Info (13803): HDL info at i2c_master.vhd(49): see declaration for object "ack_error" File: C:/Users/valed/OneDrive/Desktop/Estacion/i2c_master.vhd Line: 49
Info (19337): VHDL info at BME280_controller.vhd(6): executing entity "BME280_Controller" with architecture "rtl" File: C:/Users/valed/OneDrive/Desktop/Estacion/BME280_controller.vhd Line: 6
Warning (21570): VHDL warning at BME280_controller.vhd(77): using initial value for 'cal_decode_vals_s' since it is never assigned File: C:/Users/valed/OneDrive/Desktop/Estacion/BME280_controller.vhd Line: 77
Info (19337): VHDL info at divisor.vhd(5): executing entity "Divisor(n=250)" with architecture "Behavioral" File: C:/Users/valed/OneDrive/Desktop/Estacion/divisor.vhd Line: 5
Warning (13796): VHDL Process Statement warning at BME280_controller.vhd(233): signal "cal_decode_vals_s" is read inside the Process Statement but isn't in the Process Statement's sensitivity list File: C:/Users/valed/OneDrive/Desktop/Estacion/BME280_controller.vhd Line: 233
Warning (13796): VHDL Process Statement warning at BME280_controller.vhd(263): signal "data_buf" is read inside the Process Statement but isn't in the Process Statement's sensitivity list File: C:/Users/valed/OneDrive/Desktop/Estacion/BME280_controller.vhd Line: 263
Warning (13796): VHDL Process Statement warning at BME280_controller.vhd(264): signal "data_buf" is read inside the Process Statement but isn't in the Process Statement's sensitivity list File: C:/Users/valed/OneDrive/Desktop/Estacion/BME280_controller.vhd Line: 264
Warning (13796): VHDL Process Statement warning at BME280_controller.vhd(265): signal "data_buf" is read inside the Process Statement but isn't in the Process Statement's sensitivity list File: C:/Users/valed/OneDrive/Desktop/Estacion/BME280_controller.vhd Line: 265
Warning (13796): VHDL Process Statement warning at BME280_controller.vhd(282): signal "humid_state_s" is read inside the Process Statement but isn't in the Process Statement's sensitivity list File: C:/Users/valed/OneDrive/Desktop/Estacion/BME280_controller.vhd Line: 282
Warning (13796): VHDL Process Statement warning at BME280_controller.vhd(283): signal "temp_reg1_s" is read inside the Process Statement but isn't in the Process Statement's sensitivity list File: C:/Users/valed/OneDrive/Desktop/Estacion/BME280_controller.vhd Line: 283
Warning (13796): VHDL Process Statement warning at BME280_controller.vhd(284): signal "temp_reg2_s" is read inside the Process Statement but isn't in the Process Statement's sensitivity list File: C:/Users/valed/OneDrive/Desktop/Estacion/BME280_controller.vhd Line: 284
Warning (13796): VHDL Process Statement warning at BME280_controller.vhd(287): signal "humid_state_s" is read inside the Process Statement but isn't in the Process Statement's sensitivity list File: C:/Users/valed/OneDrive/Desktop/Estacion/BME280_controller.vhd Line: 287
Warning (13796): VHDL Process Statement warning at BME280_controller.vhd(301): signal "humid_state_s" is read inside the Process Statement but isn't in the Process Statement's sensitivity list File: C:/Users/valed/OneDrive/Desktop/Estacion/BME280_controller.vhd Line: 301
Warning (16764): VHDL warning at BME280_controller.vhd(336): incomplete sensitivity list specified; assuming completeness File: C:/Users/valed/OneDrive/Desktop/Estacion/BME280_controller.vhd Line: 336
Warning (19684): VHDL warning at BME280_controller.vhd(336): latch inferred for net calib_byte_cnt[5] File: C:/Users/valed/OneDrive/Desktop/Estacion/BME280_controller.vhd Line: 336
Info (19337): VHDL info at lcd_controller.vhd(8): executing entity "lcd_controller" with architecture "Behavioral" File: C:/Users/valed/OneDrive/Desktop/Estacion/lcd_controller.vhd Line: 8
Warning (24167): VHDL warning at lcd_controller.vhd(97): actual of size 32 will overflow return type 'natural' in feedthrough function 'to_integer' File: C:/Users/valed/OneDrive/Desktop/Estacion/lcd_controller.vhd Line: 97
Warning (24167): VHDL warning at lcd_controller.vhd(98): actual of size 32 will overflow return type 'natural' in feedthrough function 'to_integer' File: C:/Users/valed/OneDrive/Desktop/Estacion/lcd_controller.vhd Line: 98
Warning (24167): VHDL warning at lcd_controller.vhd(99): actual of size 32 will overflow return type 'natural' in feedthrough function 'to_integer' File: C:/Users/valed/OneDrive/Desktop/Estacion/lcd_controller.vhd Line: 99
Warning (16788): Net "s_display_ram[0][8]" does not have a driver at lcd_controller.vhd(62) File: C:/Users/valed/OneDrive/Desktop/Estacion/lcd_controller.vhd Line: 62
Info: Found 8 design entities
Warning (21610): Output port "ALARM_OUT" in top-level entity "Estacion" does not have a driver. Connecting to the default value "gnd". File: C:/Users/valed/OneDrive/Desktop/Estacion/Estacion.vhd Line: 18
Info: There are 5 partitions after elaboration.
Info: DA report generation in native DNI mode
Info (21615): Running Design Assistant Rules for snapshot 'partitioned'
Info: No waiver waived any violations
Info (22360): Design Assistant Results: 3 of 3 enabled rules passed, and 0 rules was disabled, in snapshot 'partitioned'
Info (21622): Design Assistant Results: 0 of 3 Low severity rules issued violations in snapshot 'partitioned'
Warning (23762): Hierarchies were optimized away during sweep. For details, refer to " Hierarchies Optimized Away During Sweep " report.


