Fitter Route Stage Report for Estacion
Thu Dec  4 11:39:57 2025
Quartus Prime Version 25.1.1 Build 125 07/31/2025 SC Pro Edition


---------------------
; Table of Contents ;
---------------------
  1. Legal Notice
  2. Delay Chain Summary
  3. Routing Usage Summary
  4. Route Messages
  5. Estimated Delay Added for Hold Timing Summary
  6. Estimated Delay Added for Hold Timing Details



----------------
; Legal Notice ;
----------------
Copyright (C) 2025  Altera Corporation. All rights reserved.
Your use of Altera Corporation's design tools, logic functions 
and other software and tools, and any partner logic 
functions, and any output files from any of the foregoing 
(including device programming or simulation files), and any 
associated documentation or information are expressly subject 
to the terms and conditions of the Altera Program License 
Subscription Agreement, the Altera Quartus Prime License Agreement,
the Altera IP License Agreement, or other applicable license
agreement, including, without limitation, that your use is for
the sole purpose of programming logic devices manufactured by
Altera and sold by Altera or its authorized distributors.  Please
refer to the Altera Software License Subscription Agreements 
on the Quartus Prime software download page.



+--------------------------------------------------------------------------------------------------------------------------------------------------------------+
; Delay Chain Summary                                                                                                                                          ;
+-------------+----------+---------------------+--------------------+----------------+-----------------------------------+-------------------------------------+
; Name        ; Pin Type ; Input Delay Chain 0 ; Output Delay Chain ; OE Delay Chain ; IO_12_LANE Input Data Delay Chain ; IO_12_LANE Input Strobe Delay Chain ;
+-------------+----------+---------------------+--------------------+----------------+-----------------------------------+-------------------------------------+
; START_SW    ; Input    ; --                  ; --                 ; --             ; --                                ; --                                  ;
; ALARM_OUT   ; Output   ; --                  ; 0                  ; 0              ; --                                ; --                                  ;
; LCD_RS      ; Output   ; --                  ; 0                  ; 0              ; --                                ; --                                  ;
; LCD_EN      ; Output   ; --                  ; 0                  ; 0              ; --                                ; --                                  ;
; LCD_DATA[0] ; Output   ; --                  ; 0                  ; 0              ; --                                ; --                                  ;
; LCD_DATA[1] ; Output   ; --                  ; 0                  ; 0              ; --                                ; --                                  ;
; LCD_DATA[2] ; Output   ; --                  ; 0                  ; 0              ; --                                ; --                                  ;
; LCD_DATA[3] ; Output   ; --                  ; 0                  ; 0              ; --                                ; --                                  ;
; SCL_PIN     ; Bidir    ; --                  ; 0                  ; 0              ; --                                ; --                                  ;
; SDA_PIN     ; Bidir    ; --                  ; 0                  ; 0              ; --                                ; --                                  ;
; CLK_IN      ; Input    ; 0                   ; --                 ; --             ; --                                ; --                                  ;
; RST_BTN_N   ; Input    ; 0                   ; --                 ; --             ; --                                ; --                                  ;
+-------------+----------+---------------------+--------------------+----------------+-----------------------------------+-------------------------------------+


+--------------------------------------------------------+
; Routing Usage Summary                                  ;
+------------------------------+-------------------------+
; Routing Resource Type        ; Usage                   ;
+------------------------------+-------------------------+
; Block interconnects          ; 288 / 664,374 ( < 1 % ) ;
; C27 interconnects            ; 0 / 12,769 ( 0 % )      ;
; C4 interconnects             ; 57 / 514,392 ( < 1 % )  ;
; Direct links                 ; 136 / 664,374 ( < 1 % ) ;
; Global clocks                ; 1 / 32 ( 3 % )          ;
; Periphery clocks             ; 0 / 410 ( 0 % )         ;
; R3 interconnects             ; 58 / 246,936 ( < 1 % )  ;
; R32 interconnects            ; 0 / 28,257 ( 0 % )      ;
; R32/C27 interconnect drivers ; 0 / 74,920 ( 0 % )      ;
; R6 interconnects             ; 68 / 527,108 ( < 1 % )  ;
; Regional clock lefts         ; 0 / 8 ( 0 % )           ;
; Regional clock out bottoms   ; 0 / 8 ( 0 % )           ;
; Regional clock out tops      ; 0 / 8 ( 0 % )           ;
; Regional clock rights        ; 0 / 8 ( 0 % )           ;
; Regional clocks              ; 0 / 8 ( 0 % )           ;
; Spine buffers                ; 1 / 220 ( < 1 % )       ;
; Spine clocks                 ; 1 / 330 ( < 1 % )       ;
; Spine feedthroughs           ; 0 / 224 ( 0 % )         ;
+------------------------------+-------------------------+


+----------------+
; Route Messages ;
+----------------+
Info (20030): Parallel compilation is enabled and will use 14 of the 14 processors detected
Info: *******************************************************************
Info: Running Quartus Prime Fitter
    Info: Version 25.1.1 Build 125 07/31/2025 SC Pro Edition
    Info: Processing started: Thu Dec  4 11:39:03 2025
    Info: System process ID: 21744
Info: Command: quartus_fit --read_settings_files=on --write_settings_files=off Estacion -c Estacion
Info: qfit2_default_script.tcl version: #1
Info: Project  = Estacion
Info: Revision = Estacion
Info (22300): Design uses Placement Effort Multiplier = 1.0.
Info (170193): Fitter routing operations beginning
Info (170202): The Fitter performed an Auto Fit compilation.  No optimizations were skipped because the design's timing and routability requirements required full optimization.
Info (25133): Total time spent on timing analysis during Routing is 0.10 seconds.
Info (16607): Fitter routing operations ending: elapsed time is 00:00:12


+------------------------------------------------------------+
; Estimated Delay Added for Hold Timing Summary              ;
+-----------------+----------------------+-------------------+
; Source Clock(s) ; Destination Clock(s) ; Delay Added in ns ;
+-----------------+----------------------+-------------------+
; CLK_IN~derived  ; CLK_IN~derived       ; 10.6              ;
+-----------------+----------------------+-------------------+
Note: For more information on problematic transfers, consider running the Fitter again with the Optimize hold timing option (Settings Menu) turned off.
This will disable optimization of problematic paths and expose them for further analysis using the Timing Analyzer.


+----------------------------------------------------------------------------------------------------------------+
; Estimated Delay Added for Hold Timing Details                                                                  ;
+------------------------------------------+-------------------------------------------------+-------------------+
; Source Register                          ; Destination Register                            ; Delay Added in ns ;
+------------------------------------------+-------------------------------------------------+-------------------+
; U_LCD_DRIVER|next_state.s_reset          ; U_LCD_DRIVER|current_state.s_reset              ; 0.218             ;
; U_LCD_DRIVER|next_state.s_config_done    ; U_LCD_DRIVER|current_state.s_config_done        ; 0.195             ;
; U_LCD_DRIVER|s_current_byte[2]           ; U_LCD_DRIVER|s_data_bus[2]                      ; 0.180             ;
; U_LCD_DRIVER|s_current_byte[0]           ; U_LCD_DRIVER|s_data_bus[0]                      ; 0.165             ;
; U_LCD_DRIVER|s_current_byte[1]           ; U_LCD_DRIVER|s_data_bus[1]                      ; 0.158             ;
; U_LCD_DRIVER|s_current_byte[7]           ; U_LCD_DRIVER|s_data_bus[3]                      ; 0.151             ;
; U_LCD_DRIVER|current_state.s_config_loop ; U_LCD_DRIVER|next_state.s_config_done           ; 0.150             ;
; U_LCD_DRIVER|s_current_byte[3]           ; U_LCD_DRIVER|s_data_bus[3]                      ; 0.149             ;
; U_LCD_DRIVER|s_current_byte[6]           ; U_LCD_DRIVER|s_data_bus[2]                      ; 0.126             ;
; U_LCD_DRIVER|s_data_bus[1]               ; U_LCD_DRIVER|P_LCD_COMM.comm_state.s_nibble_lsb ; 0.074             ;
; U_LCD_DRIVER|s_data_bus[0]               ; U_LCD_DRIVER|P_LCD_COMM.comm_state.s_nibble_lsb ; 0.074             ;
; U_LCD_DRIVER|s_data_bus[2]               ; U_LCD_DRIVER|P_LCD_COMM.comm_state.s_nibble_lsb ; 0.074             ;
; U_LCD_DRIVER|s_en_control                ; U_LCD_DRIVER|s_en_control                       ; 0.045             ;
; U_LCD_DRIVER|s_delay_cycles[12]          ; U_LCD_DRIVER|s_delay_cycles[13]                 ; 0.027             ;
; U_LCD_DRIVER|current_state.s_init_1      ; U_LCD_DRIVER|P_LCD_COMM.comm_state.s_nibble_lsb ; 0.015             ;
; U_LCD_DRIVER|current_state.s_init_3      ; U_LCD_DRIVER|P_LCD_COMM.comm_state.s_nibble_lsb ; 0.015             ;
+------------------------------------------+-------------------------------------------------+-------------------+
Note: This table only shows the top 16 path(s) that have the largest delay added for hold.


